// Jest Snapshot v1, https://goo.gl/fbAQLP

exports[`should render EditExpensesPage 1`] = `undefined`;
